HI-TECH Software 8051-C Compiler V9.60

Linker command line:

--edf=C:\PROGRA~2\HI-TECH Software\HC51\lite\9.60\dat\en_msgs.txt \
  -h+Z:\Practica6.sym -z -Q8051AH -ol.obj -MZ:\Practica6.map -E1 \
  -ver=8051-C#V9.60 -ACODE=00h-0FFFh -pvectors=00h \
  -prbit=0/20h,rbss,rdata/CODE,irdata/CODE,idata/rbss -pbss=XDATA/idata \
  -pdata=CODE+100h -pconst=CODE+100h -pstrings=CODE+100h -pnvram=bss,heap \
  C:\Users\ALEXAN~1\AppData\Local\Temp\s5ag.obj Z:\main_0.obj \
  C:\PROGRA~2\HI-TECH Software\HC51\lite\9.60\lib\51--nsc.lib 

Object code version is 3.8

Machine type is 8051AH

Call graph:

*start1 size 0,0 offset 0
*    _main size 0,34 offset 0
*        _tput size 0,1 offset 34

		Name          Link     Load   Length Selector Space Scale
C:\Users\ALEXAN~1\AppData\Local\Temp\s5ag.obj
		vectors          0        0        3       0     0
		text            44       44       14       0     0
Z:\main_0.obj   data           100      100       20     100     0
		text           120      120      128     100     0

C:\PROGRA~2\HI-TECH Software\HC51\lite\9.60\lib\51--nsc.lib
powerup.obj     text            58       58        3       0     0
str_cops.obj    text             3        3       41       0     0

COMMON          rbss            20       20       23      20     1

TOTAL		Name          Link     Load   Length
	CLASS	CODE     
		vectors          0        0        3
		data           100      100       20
		text            44       44       14
		text           120      120      128
		text            58       58        3
		text             3        3       41

	CLASS	DATA     
		rbss            20       20       23

	CLASS	XDATA    

	CLASS	BITSEG   



SEGMENTS	Name		Load	Length	 Top	Selector    Space Class

		vectors         000000	00005B	00005B	       0       0  CODE    
		rbit            000020	000023	000043	      20       1  BITSEG  
		data            000100	000148	000248	     100       0  CODE    


UNUSED ADDRESS RANGES

	CODE             05B-0FF
	                 248-FFF

                                  Symbol Table

?a_main        rbss    020  ?a_tput        rbss    042
__Bbss         bss     043  __Bidata       idata   043
__Birdata      irdata  003  __Brbit        rbit    020
__Brdata       rdata   003  __Hbss         bss     043
__Hcode        code    043  __Hconst       const   100
__Hdata        data    120  __Hheap        heap    043
__Hidata       idata   043  __Hirdata      irdata  043
__Hnvram       nvram   043  __Hrbit        rbit    000
__Hrbss        rbss    043  __Hrdata       rdata   043
__Hstrings     strings 100  __Htext        text    043
__Hvectors     vectors 003  __Lbss         bss     043
__Lcode        code    043  __Lconst       const   100
__Ldata        data    100  __Lheap        heap    043
__Lidata       idata   043  __Lirdata      irdata  043
__Lnvram       nvram   043  __Lrbit        rbit    000
__Lrbss        rbss    020  __Lrdata       rdata   043
__Lstrings     strings 100  __Ltext        text    043
__Lvectors     vectors 000  __S0           (abs)   248
_exit          text    055  _main          text    134
_tput          text    120  intlevel0      (abs)   000
intlevel1      (abs)   000  powerup        text    058
small_model    (abs)   001  stack_internal (abs)   001
start          vectors 000  start1         text    044
str_copy       text    019  str_load       text    019
str_xcopy      text    003  strx_copy      text    019
strx_load      text    019  strx_xcopy     text    003
